// Jest Snapshot v1, https://goo.gl/fbAQLP

exports[`<ConsoleItem /> Component Check the UI of the ConsoleItem component 1`] = `
Object {
  "component": ConsoleItem {
    "$$": Object {
      "after_update": Array [],
      "before_update": Array [],
      "bound": Object {},
      "callbacks": Object {},
      "context": Map {},
      "ctx": Array [
        "MX$1,000.00",
        "PlayStation 4 description and features",
        "MercadoLibre",
        "nintendo",
        undefined,
        "PS.png",
        "mock",
        1,
        "PlayStation 4",
        1,
        1,
      ],
      "dirty": Array [
        -1,
      ],
      "fragment": Object {
        "c": [Function],
        "d": [Function],
        "i": [Function],
        "l": [Function],
        "m": [Function],
        "o": [Function],
        "p": [Function],
      },
      "not_equal": [Function],
      "on_destroy": Array [
        [Function],
      ],
      "on_mount": Array [],
      "props": Object {
        "commerce": 2,
        "description": 1,
        "id": 7,
        "id_ecommerce": 9,
        "id_type_product": 10,
        "image": 5,
        "name": 8,
        "price": 0,
        "product_type": 3,
        "segment": 4,
        "url": 6,
      },
      "update": [Function],
    },
    "$capture_state": [Function],
    "$inject_state": [Function],
    "$set": [Function],
  },
  "container": <body>
    <div>
      <div
        class="console__item nintendo"
        data-url="mock"
      >
        <a
          href="item/1"
        >
          <img
            alt="Item Imagen"
            src="PS.png"
          />
           
          <h1>
            PlayStation 4
          </h1>
           
          <h2>
            MX$1,000.00
          </h2>
           
          <p
            class="description"
          >
            PlayStation 4 description and featu
          </p>
        </a>
         
        <div
          class="item__provider"
        >
          <p>
            MercadoLibre
          </p>
        </div>
      </div>
    </div>
  </body>,
  "debug": [Function],
  "findAllByAltText": [Function],
  "findAllByDisplayValue": [Function],
  "findAllByLabelText": [Function],
  "findAllByPlaceholderText": [Function],
  "findAllByRole": [Function],
  "findAllByTestId": [Function],
  "findAllByText": [Function],
  "findAllByTitle": [Function],
  "findByAltText": [Function],
  "findByDisplayValue": [Function],
  "findByLabelText": [Function],
  "findByPlaceholderText": [Function],
  "findByRole": [Function],
  "findByTestId": [Function],
  "findByText": [Function],
  "findByTitle": [Function],
  "getAllByAltText": [Function],
  "getAllByDisplayValue": [Function],
  "getAllByLabelText": [Function],
  "getAllByPlaceholderText": [Function],
  "getAllByRole": [Function],
  "getAllByTestId": [Function],
  "getAllByText": [Function],
  "getAllByTitle": [Function],
  "getByAltText": [Function],
  "getByDisplayValue": [Function],
  "getByLabelText": [Function],
  "getByPlaceholderText": [Function],
  "getByRole": [Function],
  "getByTestId": [Function],
  "getByText": [Function],
  "getByTitle": [Function],
  "queryAllByAltText": [Function],
  "queryAllByDisplayValue": [Function],
  "queryAllByLabelText": [Function],
  "queryAllByPlaceholderText": [Function],
  "queryAllByRole": [Function],
  "queryAllByTestId": [Function],
  "queryAllByText": [Function],
  "queryAllByTitle": [Function],
  "queryByAltText": [Function],
  "queryByDisplayValue": [Function],
  "queryByLabelText": [Function],
  "queryByPlaceholderText": [Function],
  "queryByRole": [Function],
  "queryByTestId": [Function],
  "queryByText": [Function],
  "queryByTitle": [Function],
  "rerender": [Function],
  "unmount": [Function],
}
`;
